------------------------------------------------------------
Timing Analyzer Summary
------------------------------------------------------------

Type  : Slow 1100mV 85C Model Setup 'clk'
Slack : -7.207
TNS   : -199.375

Type  : Slow 1100mV 85C Model Setup 'clock_divider:clock_divider|counter[0]'
Slack : -4.884
TNS   : -145.036

Type  : Slow 1100mV 85C Model Setup 'vga_signal:vga_signal|counter:h_counter|Q[5]'
Slack : -2.159
TNS   : -21.252

Type  : Slow 1100mV 85C Model Hold 'clk'
Slack : 0.375
TNS   : 0.000

Type  : Slow 1100mV 85C Model Hold 'clock_divider:clock_divider|counter[0]'
Slack : 0.413
TNS   : 0.000

Type  : Slow 1100mV 85C Model Hold 'vga_signal:vga_signal|counter:h_counter|Q[5]'
Slack : 0.761
TNS   : 0.000

Type  : Slow 1100mV 85C Model Recovery 'clock_divider:clock_divider|counter[0]'
Slack : -3.338
TNS   : -36.259

Type  : Slow 1100mV 85C Model Recovery 'vga_signal:vga_signal|counter:h_counter|Q[5]'
Slack : -1.966
TNS   : -20.124

Type  : Slow 1100mV 85C Model Removal 'clock_divider:clock_divider|counter[0]'
Slack : 0.756
TNS   : 0.000

Type  : Slow 1100mV 85C Model Removal 'vga_signal:vga_signal|counter:h_counter|Q[5]'
Slack : 0.953
TNS   : 0.000

Type  : Slow 1100mV 85C Model Minimum Pulse Width 'clock_divider:clock_divider|counter[0]'
Slack : -2.174
TNS   : -117.951

Type  : Slow 1100mV 85C Model Minimum Pulse Width 'clk'
Slack : -0.394
TNS   : -14.560

Type  : Slow 1100mV 85C Model Minimum Pulse Width 'vga_signal:vga_signal|counter:h_counter|Q[5]'
Slack : -0.394
TNS   : -6.485

Type  : Slow 1100mV 0C Model Setup 'clk'
Slack : -6.915
TNS   : -191.403

Type  : Slow 1100mV 0C Model Setup 'clock_divider:clock_divider|counter[0]'
Slack : -4.757
TNS   : -140.765

Type  : Slow 1100mV 0C Model Setup 'vga_signal:vga_signal|counter:h_counter|Q[5]'
Slack : -2.229
TNS   : -21.777

Type  : Slow 1100mV 0C Model Hold 'clk'
Slack : 0.054
TNS   : 0.000

Type  : Slow 1100mV 0C Model Hold 'clock_divider:clock_divider|counter[0]'
Slack : 0.403
TNS   : 0.000

Type  : Slow 1100mV 0C Model Hold 'vga_signal:vga_signal|counter:h_counter|Q[5]'
Slack : 0.755
TNS   : 0.000

Type  : Slow 1100mV 0C Model Recovery 'clock_divider:clock_divider|counter[0]'
Slack : -3.215
TNS   : -34.996

Type  : Slow 1100mV 0C Model Recovery 'vga_signal:vga_signal|counter:h_counter|Q[5]'
Slack : -1.882
TNS   : -19.274

Type  : Slow 1100mV 0C Model Removal 'clock_divider:clock_divider|counter[0]'
Slack : 0.737
TNS   : 0.000

Type  : Slow 1100mV 0C Model Removal 'vga_signal:vga_signal|counter:h_counter|Q[5]'
Slack : 0.878
TNS   : 0.000

Type  : Slow 1100mV 0C Model Minimum Pulse Width 'clock_divider:clock_divider|counter[0]'
Slack : -2.174
TNS   : -118.091

Type  : Slow 1100mV 0C Model Minimum Pulse Width 'clk'
Slack : -0.394
TNS   : -16.104

Type  : Slow 1100mV 0C Model Minimum Pulse Width 'vga_signal:vga_signal|counter:h_counter|Q[5]'
Slack : -0.394
TNS   : -6.265

Type  : Fast 1100mV 85C Model Setup 'clk'
Slack : -4.463
TNS   : -122.549

Type  : Fast 1100mV 85C Model Setup 'clock_divider:clock_divider|counter[0]'
Slack : -2.755
TNS   : -73.865

Type  : Fast 1100mV 85C Model Setup 'vga_signal:vga_signal|counter:h_counter|Q[5]'
Slack : -0.968
TNS   : -9.002

Type  : Fast 1100mV 85C Model Hold 'clk'
Slack : 0.199
TNS   : 0.000

Type  : Fast 1100mV 85C Model Hold 'clock_divider:clock_divider|counter[0]'
Slack : 0.232
TNS   : 0.000

Type  : Fast 1100mV 85C Model Hold 'vga_signal:vga_signal|counter:h_counter|Q[5]'
Slack : 0.394
TNS   : 0.000

Type  : Fast 1100mV 85C Model Recovery 'clock_divider:clock_divider|counter[0]'
Slack : -1.779
TNS   : -19.255

Type  : Fast 1100mV 85C Model Recovery 'vga_signal:vga_signal|counter:h_counter|Q[5]'
Slack : -0.831
TNS   : -8.208

Type  : Fast 1100mV 85C Model Removal 'vga_signal:vga_signal|counter:h_counter|Q[5]'
Slack : 0.474
TNS   : 0.000

Type  : Fast 1100mV 85C Model Removal 'clock_divider:clock_divider|counter[0]'
Slack : 0.504
TNS   : 0.000

Type  : Fast 1100mV 85C Model Minimum Pulse Width 'clock_divider:clock_divider|counter[0]'
Slack : -2.174
TNS   : -111.726

Type  : Fast 1100mV 85C Model Minimum Pulse Width 'clk'
Slack : -0.083
TNS   : -2.293

Type  : Fast 1100mV 85C Model Minimum Pulse Width 'vga_signal:vga_signal|counter:h_counter|Q[5]'
Slack : 0.017
TNS   : 0.000

Type  : Fast 1100mV 0C Model Setup 'clk'
Slack : -3.802
TNS   : -104.490

Type  : Fast 1100mV 0C Model Setup 'clock_divider:clock_divider|counter[0]'
Slack : -2.338
TNS   : -63.571

Type  : Fast 1100mV 0C Model Setup 'vga_signal:vga_signal|counter:h_counter|Q[5]'
Slack : -0.846
TNS   : -8.026

Type  : Fast 1100mV 0C Model Hold 'clock_divider:clock_divider|counter[0]'
Slack : 0.178
TNS   : 0.000

Type  : Fast 1100mV 0C Model Hold 'clk'
Slack : 0.186
TNS   : 0.000

Type  : Fast 1100mV 0C Model Hold 'vga_signal:vga_signal|counter:h_counter|Q[5]'
Slack : 0.357
TNS   : 0.000

Type  : Fast 1100mV 0C Model Recovery 'clock_divider:clock_divider|counter[0]'
Slack : -1.513
TNS   : -16.394

Type  : Fast 1100mV 0C Model Recovery 'vga_signal:vga_signal|counter:h_counter|Q[5]'
Slack : -0.716
TNS   : -7.060

Type  : Fast 1100mV 0C Model Removal 'clock_divider:clock_divider|counter[0]'
Slack : 0.405
TNS   : 0.000

Type  : Fast 1100mV 0C Model Removal 'vga_signal:vga_signal|counter:h_counter|Q[5]'
Slack : 0.412
TNS   : 0.000

Type  : Fast 1100mV 0C Model Minimum Pulse Width 'clock_divider:clock_divider|counter[0]'
Slack : -2.174
TNS   : -111.483

Type  : Fast 1100mV 0C Model Minimum Pulse Width 'clk'
Slack : -0.086
TNS   : -2.376

Type  : Fast 1100mV 0C Model Minimum Pulse Width 'vga_signal:vga_signal|counter:h_counter|Q[5]'
Slack : 0.059
TNS   : 0.000

------------------------------------------------------------
